Radar-Eichung an den Bodenmessern, 01.10.2026 07:43 UTC
  Giessen/Wettenberg        3 Paare  (GIESSEN)
  Frankfurt/Main            2 Paare  (FRANKFURT/M)
  Kassel                    0 Paare  (SCHAUENBURG-ELGERSH.)
  Koeln/Bonn                3 Paare  (KOELN/BONN)
  Dortmund                  3 Paare  (WALTROP-ABDINGHOF)
  Muenster/Osnabrueck       3 Paare  (MUENSTER/OSNABR.)
  Hamburg-Fuhlsbuettel      0 Paare  (HAMBURG-FU.)
  Bremen                    0 Paare  (BREMEN)
  Hannover                  0 Paare  (HANNOVER)
  Berlin-Tegel              0 Paare  (BERLIN-TEGEL)
  Leipzig/Halle             0 Paare  (LEIPZIG/SCHKEUDITZ)
  Dresden-Klotzsche         0 Paare  (DRESDEN/FLUGHAFEN)
  Erfurt-Weimar             0 Paare  (ERFURT)
  Nuernberg                 0 Paare  (NUERNBERG)
  Muenchen-Flughafen        0 Paare  (MUENCHEN-FL.)
  Stuttgart-Echterdingen    0 Paare  (STUTTGART-ECHT.)
  Karlsruhe/Rheinstetten    3 Paare  (RHEINSTETTEN)
  Trier-Petrisberg          3 Paare  (TRIER)
  Saarbruecken              3 Paare  (SAARBRUECKEN)
  Freiburg                  3 Paare  (FREIBURG)
gesammelt: 26 Paare

Klasse     Paare    roh   Faktor      25 %      75 %     Messung       Radar
niesel        38    389     2.48      1.25      5.00     0.35 mm     0.21 mm
leicht        45     53     0.81      0.53      1.14     0.90 mm     1.08 mm
regen          4      4      -         -         -           -           -  

Radar sah nichts, Station mass etwas: 5 von 451 Paaren (Median 0.10 mm)
Umgekehrt - Radar sah etwas, am Boden kam nichts an:
  Radarsumme bis  0 1      270 Stunden, davon 243 trocken (90 %)
  Radarsumme 0 1 bis  0 25  86 Stunden, davon  61 trocken (71 %)
  Radarsumme 0 25 bis  0 5  33 Stunden, davon  12 trocken (36 %)
  Radarsumme ab 0 5         57 Stunden, davon   3 trocken (5 %)
regen-radar.json geschrieben (2 von 3 Klassen belegt, 13 Tage, 451 Paare)
Solange eine Klasse leer ist, rechnet die App ohne Korrektur weiter.
