UV-Klarhimmel-Pruefung fuer 2026-09-29 (43 Stationen)


=== Modellpruefung 2026-09-29: Messspitze gegen die schwarze Kurve der App ===
Klarheit aus der DWD-Sonnenscheindauer 11-15 Uhr (naechste Station <= 50 km)

Giessen-Gruppe         Breite Hoehe  Sonne | schwarz   Mess  Verh.
Gießen                  50.60   203   78 % |    3.20   3.50  +10 %
Bonn                    50.70    67   74 % |    3.08   2.64  -14 %
Andernach               50.44    71   29 % |    3.22   3.13   -3 %
Fichtelberg             50.43  1212  100 % |    3.63   2.20  -39 %  klar
Kulmbach                50.11   308  100 % |    3.54   3.13  -11 %  klar
Görlitz                 51.15   212  100 % |    3.27   3.05   -7 %  klar
Schweinfurt (Wasserlos  50.05   274   98 % |    3.43   2.37  -31 %  klar
Langen                  49.99   141   99 % |    3.35   3.69  +10 %  klar
Kassel                  51.31   174    -   |    3.13   3.32   +6 %
Duderstadt              51.51   185   78 % |    3.09   2.61  -16 %
Dortmund                51.51    95   54 % |    2.93   2.13  -27 %
Melpitz                 51.53    86  100 % |    3.12   2.96   -5 %  klar

Klare Stationen der Gruppe heute: 6, Messung/schwarz im Mittel -13.9 %

Protokoll seit 2026-09-04: 67 klare Stationstage in der Giessen-Gruppe, Messung/schwarz -8.3 % (Streuung 12.7 Pp)
  Giessen selbst an 4 klaren Tagen: +5.2 %

Protokoll: 984 Stationstage, 317 genommen, 667 verworfen (uv-station-protokoll.json)
uv-station.json: 16 Stationen mit Faktor (von 34 mit Daten)
  Fichtelberg              x0.800  (roh 0.645, 7 Tage = 7 klar + 0 teils, Streuung 0.127)
  Schweinfurt_Wasserlosen  x0.800  (roh 0.669, 7 Tage = 7 klar + 0 teils, Streuung 0.160)
  Klippeneck               x0.880  (roh 0.876, 12 Tage = 12 klar + 0 teils, Streuung 0.025)
  Wurmberg_B               x1.117  (roh 1.124, 7 Tage = 7 klar + 0 teils, Streuung 0.045)
  Lindenberg               x1.095  (roh 1.102, 6 Tage = 6 klar + 0 teils, Streuung 0.046)
  Duderstadt_B             x0.906  (roh 0.902, 10 Tage = 7 klar + 3 teils, Streuung 0.035)
  Belm-Osnabrueck          x0.907  (roh 0.897, 4 Tage = 4 klar + 0 teils, Streuung 0.036)
  Chieming                 x1.093  (roh 1.096, 13 Tage = 13 klar + 0 teils, Streuung 0.044)
  Zirchow                  x1.092  (roh 1.102, 4 Tage = 4 klar + 0 teils, Streuung 0.031)
  Giessen-Wettenberg       x1.080  (roh 1.082, 14 Tage = 5 klar + 9 teils, Streuung 0.042)
  Zingst                   x0.925  (roh 0.921, 9 Tage = 3 klar + 6 teils, Streuung 0.029)
  Andernach                x1.066  (roh 1.069, 11 Tage = 4 klar + 7 teils, Streuung 0.045)
  Bonn                     x0.934  (roh 0.928, 5 Tage = 5 klar + 0 teils, Streuung 0.029)
  Hohenpeissenberg         x1.065  (roh 1.067, 13 Tage = 13 klar + 0 teils, Streuung 0.023)
  Kulmbach                 x0.935  (roh 0.932, 11 Tage = 7 klar + 4 teils, Streuung 0.047)
  Stuttgart                x0.942  (roh 0.940, 14 Tage = 14 klar + 0 teils, Streuung 0.021)

Waechter (32 Stationen): Breite +0.0017 je Grad (t = +0.1), Hoehe -0.0119 je km (t = -0.3)
  kein Trend - die Faktoren messen die Geraete
  ohne Faktor (Abweichung unter 5 %): 18 Stationen

  klar         3179   1.032   1.105    0.958     98%   10.0 | 2899   1.030   1.077
  hoch         1692   1.044   1.145    0.875     90%   10.0 | 1328   1.039   1.118
  mittel       3428   1.051   1.170    0.826     72%    8.0 | 1731   1.045   1.150
  tief        10234   1.094   1.291    0.636     52%    1.0 | 2661   1.066   1.218
  gemischt     1718   1.050   1.175    0.865     88%   10.0 | 1105   1.039   1.138

uv-durchlass.json geschrieben (2 von 3 Klassen belegt, 23 Tage im Log)
Eine Klasse ist leer; die App liest ohnehin nur p_gesamt.
Station                     DWD Messung Verhaeltnis
Melpitz                    3.00   2.96     0.99  klar
Kulmbach                   3.39   3.13     0.93  klar
Langen                     4.01   3.69     0.92
München                    4.37   3.93     0.90
Zingst                     2.44   2.15     0.88
Salzgitter                 3.08   2.64     0.86
Schauinsland               4.98   3.96     0.80
Bonn                       3.45   2.64     0.76
Lüneburg                   2.91   2.08     0.72
Norderney                  2.64   1.76     0.67
Sylt (Tinnum)              2.29   1.47     0.64
Dortmund                   3.45   2.13     0.62

2 von 12 Stationen klar (Schwelle 0.92)
Zu bewoelkt - keine Auswertung. Morgen erneut pruefen.
